expoch_rags\textures\rag00_d.png
expoch_rags\textures\rag01_d.png
expoch_rags\textures\rag02_d.png
expoch_rags\textures\rag03_d.png
expoch_rags\textures\rag04_d.png
expoch_rags\textures\rag05_d.png
expoch_rags\textures\rag06_d.png
expoch_rags\textures\rag07_d.png
expoch_rags\textures\rag08_d.png
expoch_rags\textures\rag09_d.png
expoch_rags\textures\rag10_d.png
expoch_rags\textures\rag11_d.png
expoch_rags\textures\rag12_d.png
expoch_rags\textures\rag13_d.png
expoch_rags\textures\rag14_d.png
expoch_rags\textures\rag15_d.png
expoch_rags\textures\rag16_d.png
expoch_rags\textures\rag17_d.png
expoch_rags\textures\rag18_d.png
expoch_rags\textures\rag19_d.png
expoch_rags\textures\rag20_d.png
expoch_rags\textures\rag21_d.png
expoch_rags\textures\rag22_d.png
expoch_rags\textures\rag23_d.png
expoch_rags\textures\rag24_d.png
expoch_rags\textures\rag25_d.png
expoch_rags\textures\rag26_d.png
expoch_rags\textures\rag27_d.png
expoch_rags\textures\rag28_d.png
expoch_rags\textures\rag29_d.png
expoch_rags\textures\rag30_d.png
expoch_rags\textures\rag31_d.png
expoch_rags\textures\rag32_d.png
expoch_rags\textures\rag33_d.png
expoch_rags\textures\rag34_d.png
expoch_rags\textures\rag35_d.png
expoch_rags\textures\rag36_d.png
expoch_rags\textures\rag37_d.png
expoch_rags\textures\rag38_d.png
expoch_rags\textures\rag39_d.png
expoch_rags\textures\rag40_d.png
expoch_rags\textures\rag41_d.png
expoch_rags\textures\rag42_d.png
expoch_rags\textures\rag43_d.png
expoch_rags\textures\rag44_d.png
expoch_rags\textures\rag45_d.png
expoch_rags\textures\rag46_d.png
expoch_rags\ui\rag01.png
